objdump -d main.o

main.o:     file format elf64-x86-64

Disassembly of section .text:

0000000000000000 <main>:
   0:	55                   	push   %rbp
   1:	48 89 e5             	mov    %rsp,%rbp
   4:	48 83 ec 10          	sub    $0x10,%rsp
   8:	41 b8 2a 00 00 00    	mov    $0x2a,%r8d
   e:	be 01 00 00 00       	mov    $0x1,%esi
  13:	48 89 7d f8          	mov    %rdi,-0x8(%rbp)
  17:	bf 00 00 00 00       	mov    $0x0,%edi
  1c:	e8 00 00 00 00       	call   0 <func_add>
  21:	48 83 c4 10          	add    $0x10,%rsp
  25:	5d                   	pop    %rbp
  26:	c3                   	ret    
0000000000000027 <func_add>:
  27:	55                   	push   %rbp
  28:	48 89 e5             	mov    %rsp,%rbp
  2b:	89 7d fc             	mov    %edi,-0x4(%rbp)
  2e:	89 75 f8             	mov    %esi,-0x8(%rbp)
  31:	8b 45 fc             	mov    -0x4(%rbp),%eax
  34:	03 45 f8             	add    -0x8(%rbp),%eax
  37:	5d                   	pop    %rbp
  38:	c3                   	ret