aws s3 ls s3://wiimhome.homepage/assets/ --recursive --profile prod --region ap-southeast-1
2024-02-20 13:47:59          0 assets/
2026-08-17 11:52:07      19138 assets/amazon-BH3SI0cE.webp
2025-11-03 13:50:31      23432 assets/amp_faq-DSoLJjhW.js
2024-08-14 16:54:23       8752 assets/app-CXSK5tOP.js
2025-10-10 17:04:11      15012 assets/biggerStage_00025-D99gBSlk.png
2025-07-09 09:31:10       3580 assets/certification-C6qy5bRQ.js
2026-07-07 20:19:18      22467 assets/choose5-DZSLEOga.js.gz
2025-10-16 13:54:59       2528 assets/compliance-CyFZ2X6E.js
2025-11-18 16:47:01       3939 assets/contact-BbmZCvZ5.js
2025-10-30 14:24:51       3939 assets/contact-Xx0zGHJY.js
2025-07-23 10:52:11       1251 assets/detail-BotUneRP.js
2025-06-18 10:10:27       1251 assets/detail-EDnokovL.js
2025-11-21 09:37:30       9832 assets/emptycart-BRVe9WXa.js
2026-02-09 15:02:07      11527 assets/emptycart-h0FTQMGO.js
2026-08-06 12:01:58      50072 assets/fr-PavpAZqm.js.br
2025-07-24 18:23:39       3845 assets/getSupport-Cxzhz4fZ.js
2026-06-23 21:00:07       5927 assets/gift-Dp-jwE-C.js
2025-12-10 09:58:44      19447 assets/guides-COulR4I2.js
2025-10-09 11:20:07     162004 assets/harmony-BvjK6HGY.png
2026-07-29 15:00:29      56865 assets/index-B7uNKPb7.css
2024-11-25 14:43:42      40472 assets/index-BVboTnwD.js
2026-06-23 16:12:56       8379 assets/index-Buq41NUR.js
2025-02-17 11:10:43     342827 assets/index-CHFUXfCN.css
2025-10-21 18:04:36     363343 assets/index-CcuHlbJZ.css
2026-08-05 21:17:11      13151 assets/index-D2OmuX0I.js.gz
2024-07-26 11:49:49    1928933 assets/index-DOuzbO_s.js
2026-07-03 13:47:12       2417 assets/index-Dm2-8Kz9.js
2026-08-12 18:04:26      76502 assets/index-MuATeIci.js.gz
2025-10-09 11:20:03    2853959 assets/index-nyWe7dCc.js
2026-08-17 11:52:12      84521 assets/jquery-2.1.4-min-BXoeFmBU.js
2025-02-06 15:55:50        726 assets/legal-CuA8WlQV.js
2024-10-03 14:28:44        914 assets/lighth5-BA5SwEEW.js
2026-06-03 22:46:03       1194 assets/lighth5-CFj7g2R0.js
2026-02-28 15:04:25        914 assets/lighth5-DFMgMDx-.js
2025-03-18 18:41:43        920 assets/lighth5-bYR4ZWdl.js
2025-11-14 15:51:23       3393 assets/linkplay-CDE8VwG1.js
2025-12-23 19:14:44       3218 assets/linkplay-_xKNoAm3.js
2024-09-30 11:35:57       3330 assets/mission-C3Fo56Tb.js
2025-12-03 11:09:31       3361 assets/mission-yoMbOEHy.js
2026-08-17 11:52:11      59588 assets/outputImg-De__yBmr.webp
2025-10-29 16:09:05     100569 assets/overview-B3xHyyaZ.js
2025-12-03 18:49:31     100786 assets/overview-BMHTHSRd.js
2026-07-03 13:47:13       7626 assets/overview-BcWMG6ty.js.gz
2025-12-18 12:53:35      65884 assets/overview-BvTKNG-v.js
2025-11-03 18:50:03      48651 assets/overview-CBrfqjSb.js
2026-01-15 19:03:24      49902 assets/overview-CTDaIKne.js
2025-02-08 13:41:15      55746 assets/overview-CjrzvH3h.js
2026-01-13 15:47:25      56452 assets/overview-D1SJNWPZ.js
2026-07-22 17:10:59      85368 assets/overview-DHpD_Am3.js
2025-03-06 18:40:20      29787 assets/overview-Da1_4DsF.js.gz
2026-04-14 13:54:04      55718 assets/overview-DsEm0XL3.js
2025-08-18 16:34:03     100583 assets/overview-RLYD5x6u.js
2026-01-26 11:40:14      56315 assets/overview-iNX-G0DA.js
2024-11-28 11:47:00       7777 assets/overview_a10-99W4yIZj.js
2025-12-24 18:29:51       9549 assets/overview_a10-DD2vUmj_.js
2024-08-09 09:55:38      20005 assets/overview_amp-BLogUDmy.js
2025-10-21 17:06:14      25647 assets/overview_amp-CyI_evpW.js
2024-11-05 18:46:09      23323 assets/overview_amp-rUSBLjs5.js
2025-12-19 16:13:58       9526 assets/overview_c10-CsaAyrz-.js
2025-06-18 10:26:24      47162 assets/overview_mini-B5sXGEc-.js
2026-04-22 11:48:11      46924 assets/overview_mini-Cpn0YIt5.js
2026-05-28 09:43:29      47017 assets/overview_mini-ne1Jdf1L.js
2024-08-12 14:11:15       9592 assets/overview_ultra-CGiMaIF-.js
2025-08-04 13:45:44      11880 assets/overview_ultra-Dx03cKr3.js
2025-06-19 10:34:37       1047 assets/privacy-B5qT-OaG.js
2025-03-25 15:39:11       1041 assets/privacy-CxGtf5W6.js
2025-02-07 18:48:58       1041 assets/privacy-zlXD_mVu.js
2026-07-10 17:39:03       4381 assets/pro_plus_faq-DT9Sp5IL.js.gz
2026-01-19 17:32:07      41359 assets/productDetail-C_Ak4IXg.js
2026-02-05 14:42:45      25203 assets/productInfoTable-B90qohPY.css
2026-08-11 18:33:04       5719 assets/productInfoTable-D1MxJfT8.js.gz
2026-08-02 14:48:10       5718 assets/productInfoTable-yWLknK7L.js.gz
2025-09-04 11:46:18    3292688 assets/remote2Banner-DVLO0JB2.png
2025-10-15 19:09:58      14097 assets/reviews-B0dtliuP.js
2025-08-21 09:35:27      14097 assets/reviews-BFwtUkei.js
2024-09-26 12:06:26      13411 assets/reviews-BVDTdMDY.js
2025-07-01 14:41:53      16897 assets/reviews-BiCu0s51.js
2026-04-28 17:19:34        776 assets/reviews-Bw_4Wt9v.js
2026-04-02 09:24:07        759 assets/reviews-CAnWjcYh.js
2025-10-18 18:11:34      14097 assets/reviews-COj7rvbw.js
2025-12-11 09:55:41       2879 assets/reviews-CcMWkq-p.css
2025-03-25 17:56:50      33917 assets/reviews-CrcKFmkn.js
2025-11-14 14:00:46        699 assets/reviews-D48d4Hlb.js
2025-12-16 14:07:22        768 assets/reviews-DINTdkWH.js
2024-11-25 14:21:07      16647 assets/reviews-DWPD2hlF.js
2025-11-12 15:51:37      16647 assets/reviews-DkRE90gN.js
2024-10-11 17:18:11      33341 assets/reviews-Dz6Vi1Cg.js
2026-01-28 18:02:25        746 assets/reviews-SszvkMUS.js
2025-06-24 11:12:34      14098 assets/reviews-huUFcepE.js
2025-11-12 16:11:23        669 assets/reviews-vzgw3Szc.js
2025-10-16 16:16:36        726 assets/security-CKs-qY85.js
2026-06-26 10:53:31       1910 assets/shipping-policy-7BkgIz8l.js
2024-08-27 13:46:39      10527 assets/shop-BNZVppLw.js
2024-11-20 14:33:31      88268 assets/shop1-CJfHUH1C.js
2025-11-21 09:38:30      12192 assets/sound_faq-CFVeqb2R.js
2026-01-26 16:27:23      12538 assets/sound_lite_faq-BoaKfzBD.js
2025-03-25 15:39:19       9367 assets/specs-3DmbQ0Yz.js
2025-12-15 10:12:53       6489 assets/specs-B6PUuqoq.js
2026-01-16 10:55:15       9183 assets/specs-BM4vc8qA.js
2025-12-26 16:54:18       4147 assets/specs-B_vz8A4r.js
2024-11-26 15:57:56       4056 assets/specs-BoEOpDd3.js
2025-01-23 18:12:07      17307 assets/specs-C1iccspl.js
2025-03-14 10:56:24       7931 assets/specs-CHmO-TeJ.js.gz
2024-10-22 15:11:53       6581 assets/specs-CY_pjGI3.js
2025-08-06 10:34:15       3943 assets/specs-ClwuchT9.js
2026-03-27 15:55:27       3203 assets/specs-D0mP1dJa.js
2025-12-22 17:25:00       3933 assets/specs-DFHFunz7.js
2025-07-23 10:52:17      17737 assets/specs-DV-R3Hom.js
2025-11-03 13:50:43       9387 assets/specs-DkGeRiY_.js
2024-12-30 17:30:54       8920 assets/specs-FEdmPPoY.js
2026-01-12 16:22:21       9213 assets/specs-Upzjx1q9.js
2025-11-18 09:58:12      14279 assets/specs-kpmME3LH.js
2025-10-10 19:23:20     992497 assets/starts_left-JfEhzwhE.png
2024-08-21 13:19:24       8638 assets/storelocator-D3rC_dKO.js
2026-08-03 15:29:55      28217 assets/support-BCrVQVKS.js
2025-02-05 09:48:04      26018 assets/support-CtmtZFo_.js
2024-10-11 16:33:16      24144 assets/support-uLsbcjLO.js
2025-02-28 09:24:41       8338 assets/technology-BiqIAdvn.js
2025-10-08 17:29:34       7499 assets/technology-D2aoXLyG.js
2026-02-04 17:06:33       7393 assets/technology-_bULLDgi.js
2026-08-03 13:07:49       9147 assets/terms-of-service-CuCp0OBM.js.gz
2026-07-30 15:47:41      58916 assets/tr-CwUM54Fm.js.gz
2025-05-12 18:03:22        390 assets/vue.-sixQ7xP-B21XoyEc.js
2026-02-13 15:10:19        393 assets/vue.f36acd1f-BSnuiS_m.js
2026-06-29 11:19:08       7641 assets/watchPartyRules-BQlpUSE0.js
2025-02-28 10:12:48       5525 assets/wiimA10-CYMed6_0.js
2026-07-03 11:16:41       6455 assets/wiimAmp-BDrmD4fk.js
2026-06-03 21:07:04       6505 assets/wiimAmp-DGNp8B5c.js
2026-06-22 16:56:48     102481 assets/wiimAmpPro-BzzOXyfP.js
2026-06-23 10:59:53      59339 assets/wiimAmpUltra-B4o2Vaj3.js
2026-03-30 13:41:08       9109 assets/wiimAmpUltra-CRVNBpvY.js.gz
2026-08-05 21:17:11      33421 assets/wiimAmpUltra-DeD0zz4D.js
2026-08-07 17:12:52       9096 assets/wiimBar-BgJCGie6.css.gz
2025-10-25 17:47:21       5575 assets/wiimC10-BrJoPoVv.js
2025-12-15 10:12:47       5864 assets/wiimC10-pgUszqkr.js
2026-05-26 09:50:02       8500 assets/wiimPro-CkaKCPPD.js
2025-03-04 14:31:54       7884 assets/wiimPro-xOtv2sWj.js
2025-10-29 16:08:39       3185 assets/wiimSound-C4b6uVZQ.js
2025-12-19 16:13:13       3641 assets/wiimSound-DWrCEDvR.js
2025-12-15 10:13:30      12356 assets/wiimSoundLite-BBDK0piX.js
2026-08-05 21:17:11       7608 assets/wiimSoundLite-D3wEHoNw.js.gz
2025-09-12 16:13:33       2099 assets/wiimSubPro-B05Nunmm.js
2025-10-16 15:37:25       2099 assets/wiimSubPro-CFiW2zHE.js
2026-07-07 20:19:17      32705 assets/wiimSubPro-Dfya-BcO.js
2026-06-04 12:17:30       5782 assets/wiimUltra-BJrYwKKl.js
2025-02-05 09:48:03       5256 assets/wiimUltra-DKcNlR4P.js
2024-12-13 19:24:46       2046 assets/wiima10-BQjwtM0L.js
2025-08-21 10:20:52       2068 assets/wiima10-DChzFR47.js
2026-04-24 15:37:11      35031 assets/wiimamp-2ivJkgxL.js
2026-07-03 11:56:52       9840 assets/wiimamp-CQ3jUnbW.css.br
2026-04-02 10:14:28      34963 assets/wiimamp-DpoP8qac.js
2024-11-20 14:09:39       2238 assets/wiimc10-BTjQnq_r.js
2026-05-22 17:31:44      29080 assets/wiimc10-D2SYNG7_.js
2024-07-14 17:03:14       1939 assets/wiimlight-B-FHEOXX.js
2026-06-06 10:51:54       3511 assets/wiimlight-D1pBczJ8.js
2026-06-25 10:00:44      72847 assets/wiimmini-9unbyPhA.js
2025-06-27 14:12:06       2623 assets/wiimmini-BmeNEstd.js
2026-08-05 21:17:11       6874 assets/wiimmini-Ch52yzzz.js
2026-06-16 09:51:12      69997 assets/wiimmini-DZSl6Ozj.js
2026-06-18 18:16:46      33755 assets/wiimmini-iZgCIFxC.js
2025-02-24 09:44:25       2424 assets/wiimpro-BsURO4aC.js
2025-11-04 17:53:30      54938 assets/wiimpro-DRCGUwww.js
2025-10-15 19:09:59       2093 assets/wiimremote-B2Ouxw_L.js
2025-06-21 16:21:55       2093 assets/wiimremote-DA_cX4xu.js
2026-03-10 10:45:48      29422 assets/wiimultra-B7F8XqPi.js
2026-06-25 16:55:13      40165 assets/wiimultra-CelFok2b.js
2025-08-18 16:33:55       2264 assets/wiimultra-LcKsAAav.js
2025-10-27 18:06:36       7051 assets/wiimvibelink-BPDA2T_d.css
2026-04-14 13:54:04      29459 assets/wiimvibelink-CZ0aIqXt.js
2026-04-13 12:00:11       4003 assets/wiimvibelink-Dp-1IAjt.js
2024-02-20 14:27:59          0 assets/DSP图片素材-2.20/
2024-02-20 14:28:00          0 assets/DSP图片素材-2.20/Amp/
2024-02-20 14:28:01          0 assets/DSP图片素材-2.20/Amp/3D images/
2024-02-20 14:28:02          0 assets/DSP图片素材-2.20/Amp/photographed images/
2024-02-20 14:28:04          0 assets/DSP图片素材-2.20/Amp/white background images/
2024-02-20 14:28:00          0 assets/DSP图片素材-2.20/Mini/
2024-02-20 14:28:03          0 assets/DSP图片素材-2.20/Mini/3D images/
2024-02-20 14:28:04          0 assets/DSP图片素材-2.20/Mini/photographed images/
2024-02-20 14:28:05          0 assets/DSP图片素材-2.20/Mini/white background images/
2024-02-20 14:28:00          0 assets/DSP图片素材-2.20/Plus/
2024-02-20 14:28:01          0 assets/DSP图片素材-2.20/Plus/3D images/
2024-02-20 14:28:02          0 assets/DSP图片素材-2.20/Plus/photographed images/
2024-02-20 14:28:03          0 assets/DSP图片素材-2.20/Plus/white background images/
2024-02-20 14:28:01          0 assets/DSP图片素材-2.20/Pro/
2024-02-20 14:28:02          0 assets/DSP图片素材-2.20/Pro/3D images/
2024-02-20 14:28:03          0 assets/DSP图片素材-2.20/Pro/photographed images/
2024-02-20 14:28:04          0 assets/DSP图片素材-2.20/Pro/white background images/
2026-05-08 20:24:25          0 assets/recycling/
